[    1140ms] [WARNING] var __dworker_1781776158077__={};
__dworker_1781776158077__.default=function(e,t){for(var n in t){var r=t[n],o=!1;if("[object Array]"===Object.prototype.toString.call(r))for(var i=0;i<r.length;i++){var a=r[i];for(var u in a)if("customInfo"!==u){var c=a[u];switch(Object.prototype.toString.call(c)){case"[object RegExp]":o=c.test(e[u]);break;case"[object String]":o=c===e[u];break;default:o=e[u]===c}if(!o)break}if(o)return[n,a.customInfo]}}return[]};

(function M(e,t,n){e.addEventListener("message",(function(r){var o=r.data;try{var i=o.id;if("RPC"!==o.type||null==i)return;if(o.method){var a=t[o.method];null==a?e.postMessage({type:"RPC",id:i,error:"NO_SUCH_METHOD"}):Promise.resolve().then((function(){return a.apply(null,o.params)})).then((function(t){e.postMessage({type:"RPC",id:i,result:t})})).catch((function(t){e.postMessage({type:"RPC",id:i,error:""+t})}))}else{var u=n[i];if(null==u)throw Error("Unknown callback ".concat(i));delete n[i],o.error?u[1](Error(o.error)):u[0](o.result)}}catch(e){console.error("worker addEventListener error",e)}}))})(self,__dworker_1781776158077__,{}); @ https://o.alicdn.com/dawn/dawn-tracker-aliyun/index.umd.js:0
[    1145ms] [WARNING] [AES] 未监测到Aplus SDK @ https://o.alicdn.com/dawn/dawn-tracker-aliyun/index.umd.js:0
[    1145ms] [WARNING] [AES] 未监测到Aplus SDK @ https://o.alicdn.com/dawn/dawn-tracker-aliyun/index.umd.js:0
[    1667ms] [WARNING] [AES] 未监测到Aplus SDK @ https://o.alicdn.com/dawn/dawn-tracker-aliyun/index.umd.js:0
[    1668ms] [WARNING] [AES] 未监测到Aplus SDK @ https://o.alicdn.com/dawn/dawn-tracker-aliyun/index.umd.js:0
[    1668ms] [WARNING] [AES] 未监测到Aplus SDK @ https://o.alicdn.com/dawn/dawn-tracker-aliyun/index.umd.js:0
[    1668ms] [WARNING] [AES] 未监测到Aplus SDK @ https://o.alicdn.com/dawn/dawn-tracker-aliyun/index.umd.js:0
[    1913ms] [WARNING] var __dworker_1781776158851__={};
__dworker_1781776158851__.default=function(e,t){for(var n in t){var r=t[n],o=!1;if("[object Array]"===Object.prototype.toString.call(r))for(var i=0;i<r.length;i++){var a=r[i];for(var u in a)if("customInfo"!==u){var c=a[u];switch(Object.prototype.toString.call(c)){case"[object RegExp]":o=c.test(e[u]);break;case"[object String]":o=c===e[u];break;default:o=e[u]===c}if(!o)break}if(o)return[n,a.customInfo]}}return[]};

(function M(e,t,n){e.addEventListener("message",(function(r){var o=r.data;try{var i=o.id;if("RPC"!==o.type||null==i)return;if(o.method){var a=t[o.method];null==a?e.postMessage({type:"RPC",id:i,error:"NO_SUCH_METHOD"}):Promise.resolve().then((function(){return a.apply(null,o.params)})).then((function(t){e.postMessage({type:"RPC",id:i,result:t})})).catch((function(t){e.postMessage({type:"RPC",id:i,error:""+t})}))}else{var u=n[i];if(null==u)throw Error("Unknown callback ".concat(i));delete n[i],o.error?u[1](Error(o.error)):u[0](o.result)}}catch(e){console.error("worker addEventListener error",e)}}))})(self,__dworker_1781776158851__,{}); @ https://o.alicdn.com/dawn/dawn-tracker-aliyun/index.umd.js:0
[    1942ms] [WARNING] var __dworker_1781776158881__={};
__dworker_1781776158881__.default=function(e,t){for(var n in t){var r=t[n],o=!1;if("[object Array]"===Object.prototype.toString.call(r))for(var i=0;i<r.length;i++){var a=r[i];for(var u in a)if("customInfo"!==u){var c=a[u];switch(Object.prototype.toString.call(c)){case"[object RegExp]":o=c.test(e[u]);break;case"[object String]":o=c===e[u];break;default:o=e[u]===c}if(!o)break}if(o)return[n,a.customInfo]}}return[]};

(function M(e,t,n){e.addEventListener("message",(function(r){var o=r.data;try{var i=o.id;if("RPC"!==o.type||null==i)return;if(o.method){var a=t[o.method];null==a?e.postMessage({type:"RPC",id:i,error:"NO_SUCH_METHOD"}):Promise.resolve().then((function(){return a.apply(null,o.params)})).then((function(t){e.postMessage({type:"RPC",id:i,result:t})})).catch((function(t){e.postMessage({type:"RPC",id:i,error:""+t})}))}else{var u=n[i];if(null==u)throw Error("Unknown callback ".concat(i));delete n[i],o.error?u[1](Error(o.error)):u[0](o.result)}}catch(e){console.error("worker addEventListener error",e)}}))})(self,__dworker_1781776158881__,{}); @ https://o.alicdn.com/dawn/dawn-tracker-aliyun/index.umd.js:0
[    2059ms] [LOG] goldlogReport page_show EXP {refererHost: undefined, refererHostValid: undefined} @ https://g.alicdn.com/aliyun-havana/havana-nlogin/0.9.61/index.js:0
[    2095ms] [LOG] goldlogReport postMessage OTHER {url: https%3A%2F%2Faccount.aliyun.com%2F, isWhiteList: undefined} @ https://g.alicdn.com/aliyun-havana/havana-nlogin/0.9.61/index.js:0
[    2120ms] [LOG] goldlogReport page_show EXP {refererHost: undefined, refererHostValid: undefined} @ https://g.alicdn.com/aliyun-havana/havana-nlogin/0.9.61/index.js:0
[    2127ms] [LOG] goldlogReport postMessage OTHER {url: https%3A%2F%2Faccount.aliyun.com%2F, isWhiteList: undefined} @ https://g.alicdn.com/aliyun-havana/havana-nlogin/0.9.61/index.js:0
[    2127ms] [LOG] goldlogReport passkey.page.view CLK undefined @ https://g.alicdn.com/aliyun-havana/havana-nlogin/0.9.61/index.js:0
[    2187ms] [WARNING] var __dworker_1781776159125__={};
__dworker_1781776159125__.default=function(e,t){for(var n in t){var r=t[n],o=!1;if("[object Array]"===Object.prototype.toString.call(r))for(var i=0;i<r.length;i++){var a=r[i];for(var u in a)if("customInfo"!==u){var c=a[u];switch(Object.prototype.toString.call(c)){case"[object RegExp]":o=c.test(e[u]);break;case"[object String]":o=c===e[u];break;default:o=e[u]===c}if(!o)break}if(o)return[n,a.customInfo]}}return[]};

(function M(e,t,n){e.addEventListener("message",(function(r){var o=r.data;try{var i=o.id;if("RPC"!==o.type||null==i)return;if(o.method){var a=t[o.method];null==a?e.postMessage({type:"RPC",id:i,error:"NO_SUCH_METHOD"}):Promise.resolve().then((function(){return a.apply(null,o.params)})).then((function(t){e.postMessage({type:"RPC",id:i,result:t})})).catch((function(t){e.postMessage({type:"RPC",id:i,error:""+t})}))}else{var u=n[i];if(null==u)throw Error("Unknown callback ".concat(i));delete n[i],o.error?u[1](Error(o.error)):u[0](o.result)}}catch(e){console.error("worker addEventListener error",e)}}))})(self,__dworker_1781776159125__,{}); @ https://o.alicdn.com/dawn/dawn-tracker-aliyun/index.umd.js:0
[    2193ms] [VERBOSE] [DOM] Input elements should have autocomplete attributes (suggested: "current-password"): (More info: https://goo.gl/9p2vKq) %o @ https://passport.aliyun.com/havanaone/login/login.htm?lang=zh_CN&appName=aliyun&appEntrance=aliyun_pc_pwd&styleType=vertical&bizParams=&notLoadSsoView=true&notKeepLogin=true&isMobile=false&targetId=alibaba-login-iframe&regUrl=https%3A%2F%2Faccount.aliyun.com%2Fregister%2Fqr_register.htm%3Foauth_callback%3Dhttps%253A%252F%252Faccount-devops.aliyun.com%252Flogin%253Fnext_url%253Dhttp%253A%252F%252Faccount-devops.aliyun.com%252Flogin%253Fnext_url%253Dhttps%25253A%25252F%25252Fthoughts.aliyun.com%25252Fworkspaces%25252F6963289eb0fc2e001bb052eb%25252Fdocs%25252F6975ea82a7c8ff00014610a8%2526referrer%253Dthoughts&returnUrl=https%3A%2F%2Faccount.aliyun.com%2Flogin%2Flogin_aliyun.htm%3Fft%3Dpc_pwd_m%26oauth_callback%3Dhttps%253A%252F%252Faccount-devops.aliyun.com%252Flogin%253Fnext_url%253Dhttp%253A%252F%252Faccount-devops.aliyun.com%252Flogin%253Fnext_url%253Dhttps%25253A%25252F%25252Fthoughts.aliyun.com%25252Fworkspaces%25252F6963289eb0fc2e001bb052eb%25252Fdocs%25252F6975ea82a7c8ff00014610a8%2526referrer%253Dthoughts%26log_channel%3Dindep%26log_platform%3Dpc%26login_log_entrance%3Dofficial%26login_method%3Dpwd_login%26log_biz%3Daliyun&newSmsLoginReg=true&cssUrl=https%3A%2F%2Fg.alicdn.com%2Fdawn%2Faliyun-account-styles%2F0.0.1%2Flogin-embedder.css&bizPassParams=%7B%22tenantName%22%3A%22%22%7D&&rnd=0.5073838491545105:0
[    2676ms] [LOG] Thu Jun 18 2026 17:49:19 GMT+0800 (中国标准时间) @ https://g.alicdn.com/AWSC/et/1.83.41/et_f.js:1
[    2712ms] [LOG] null @ https://g.alicdn.com/aliyun-havana/fe-account-login-reg/0.0.17/umi.js:17
[    2735ms] [LOG] Thu Jun 18 2026 17:49:19 GMT+0800 (中国标准时间) @ https://g.alicdn.com/AWSC/et/1.83.41/et_f.js:1
[    2753ms] [LOG] Thu Jun 18 2026 17:49:19 GMT+0800 (中国标准时间) @ https://g.alicdn.com/AWSC/et/1.83.41/et_f.js:1
[    2810ms] [ERROR] Permissions policy violation: accelerometer is not allowed in this document. @ https://g.alicdn.com/AWSC/fireyejs/1.231.69/fireyejs.js:0
[    2810ms] [WARNING] The deviceorientation events are blocked by permissions policy. See https://github.com/w3c/webappsec-permissions-policy/blob/master/features.md#sensor-features @ https://g.alicdn.com/AWSC/fireyejs/1.231.69/fireyejs.js:0
[    2855ms] [ERROR] Permissions policy violation: accelerometer is not allowed in this document. @ https://g.alicdn.com/AWSC/fireyejs/1.231.69/fireyejs.js:0
[    2855ms] [WARNING] The deviceorientation events are blocked by permissions policy. See https://github.com/w3c/webappsec-permissions-policy/blob/master/features.md#sensor-features @ https://g.alicdn.com/AWSC/fireyejs/1.231.69/fireyejs.js:0
[    2865ms] [LOG] null @ https://g.alicdn.com/aliyun-havana/fe-account-login-reg/0.0.17/umi.js:17
[    2888ms] [ERROR] Permissions policy violation: accelerometer is not allowed in this document. @ https://g.alicdn.com/AWSC/fireyejs/1.231.69/fireyejs.js:0
[    2888ms] [WARNING] The deviceorientation events are blocked by permissions policy. See https://github.com/w3c/webappsec-permissions-policy/blob/master/features.md#sensor-features @ https://g.alicdn.com/AWSC/fireyejs/1.231.69/fireyejs.js:0
[    2997ms] [LOG] goldlogReport postMessage OTHER {url: https%3A%2F%2Faccount.aliyun.com%2F, isWhiteList: undefined} @ https://g.alicdn.com/aliyun-havana/havana-nlogin/0.9.61/index.js:0
[    2997ms] [LOG] resize {action: resizeIframe, height: 168, width: 400} @ https://g.alicdn.com/aliyun-havana/havana-nlogin/0.9.61/index.js:0
[    2997ms] [LOG] goldlogReport postMessage OTHER {url: https%3A%2F%2Faccount.aliyun.com%2F, isWhiteList: undefined} @ https://g.alicdn.com/aliyun-havana/havana-nlogin/0.9.61/index.js:0
[    3093ms] [LOG] Thu Jun 18 2026 17:49:20 GMT+0800 (中国标准时间) @ https://g.alicdn.com/AWSC/et/1.83.41/et_f.js:1
[    3129ms] [LOG] goldlogReport postMessage OTHER {url: https%3A%2F%2Faccount.aliyun.com%2F, isWhiteList: undefined} @ https://g.alicdn.com/aliyun-havana/havana-nlogin/0.9.61/index.js:0
[    3129ms] [LOG] resize {action: resizeIframe, height: 168, width: 400} @ https://g.alicdn.com/aliyun-havana/havana-nlogin/0.9.61/index.js:0
[    3129ms] [LOG] goldlogReport postMessage OTHER {url: https%3A%2F%2Faccount.aliyun.com%2F, isWhiteList: undefined} @ https://g.alicdn.com/aliyun-havana/havana-nlogin/0.9.61/index.js:0
